DATE: 06/02/2024                                      PERSONAL TIMELINE EVENTS                                     PROGRAM: TIMELINE
TIME: 5:23:41 PM                                                                                                   PAGE:      1

May 29, 1917 John F. Kennedy birth
------------------------------------------------------------------------------------------------------------------------------------
Jul 28, 1929 Jacqueline L. Bouvier birth
             John F. Kennedy.....................age: 12 years, 1 months, 30 days
------------------------------------------------------------------------------------------------------------------------------------
Sep 24, 1941 John joined Naval Reserve
             John F. Kennedy.....................age: 24 years, 3 months, 26 days
             Jacqueline Lee Bouvier..............age: 12 years, 1 months, 27 days
------------------------------------------------------------------------------------------------------------------------------------
Oct 26, 1941 John commissioned an ensign
             John F. Kennedy.....................age: 24 years, 4 months, 28 days
             Jacqueline Lee Bouvier..............age: 12 years, 2 months, 29 days
------------------------------------------------------------------------------------------------------------------------------------
Dec 7, 1942  John first PT command (PT-101)
             John F. Kennedy.....................age: 25 years, 6 months, 9 days
             Jacqueline Lee Bouvier..............age: 13 years, 4 months, 10 days
------------------------------------------------------------------------------------------------------------------------------------
Sep 12, 1953 John Married Jacqueline Bouvier
             John F. Kennedy.....................age: 36 years, 3 months, 14 days
             Jacqueline Lee Bouvier..............age: 24 years, 1 months, 15 days
------------------------------------------------------------------------------------------------------------------------------------
Nov 27, 1957 Caroline Bouvier Kennedy birth
             John F. Kennedy.....................age: 40 years, 5 months, 29 days
             Jacqueline Lee Bouvier..............age: 28 years, 3 months, 30 days
------------------------------------------------------------------------------------------------------------------------------------
Jan 2, 1960  John began campaign to become president
             John F. Kennedy.....................age: 42 years, 7 months, 4 days
             Jacqueline Lee Bouvier..............age: 30 years, 5 months, 5 days
------------------------------------------------------------------------------------------------------------------------------------
Nov 25, 1960 John F. Kennedy Jr. birth
             John F. Kennedy.....................age: 43 years, 5 months, 27 days
             Jacqueline Lee Bouvier..............age: 31 years, 3 months, 28 days
------------------------------------------------------------------------------------------------------------------------------------
Jan 20, 1961 John sworn in as president
             John F. Kennedy.....................age: 43 years, 7 months, 22 days
             Jacqueline Lee Bouvier..............age: 31 years, 5 months, 23 days
------------------------------------------------------------------------------------------------------------------------------------
Apr 17, 1961 Bay of Pigs invasion
             John F. Kennedy.....................age: 43 years, 10 months, 19 days
             Jacqueline Lee Bouvier..............age: 31 years, 8 months, 20 days
------------------------------------------------------------------------------------------------------------------------------------
DATE: 06/02/2024                                      PERSONAL TIMELINE EVENTS                                     PROGRAM: TIMELINE
TIME: 5:23:41 PM                                                                                                   PAGE:      2

Oct 28, 1962 Cuban missile crisis ends
             John F. Kennedy.....................age: 45 years, 4 months, 30 days
             Jacqueline Lee Bouvier..............age: 33 years, 3 months
------------------------------------------------------------------------------------------------------------------------------------
Nov 22, 1963 John F. Kennedy assassination
             John F. Kennedy.....................age: 46 years, 5 months, 24 days
             Jacqueline Lee Bouvier..............age: 34 years, 3 months, 25 days
------------------------------------------------------------------------------------------------------------------------------------
May 19, 1994 Jacqueline Kennedy Onassis death
             Jacqueline Lee Bouvier..............age: 64 years, 9 months, 22 days
------------------------------------------------------------------------------------------------------------------------------------
